V3 3
FL /home/student2/ypzou/coe758/project2/project2/project2.vhd 2019/11/27.10:22:14 O.87xd
EN work/project2 1574868156 \
      FL /home/student2/ypzou/coe758/project2/project2/project2.vhd \
      PB ieee/std_logic_1164 1325952872
AR work/project2/Behavioral 1574868157 \
      FL /home/student2/ypzou/coe758/project2/project2/project2.vhd \
      EN work/project2 1574868156
